\BOOKMARK [0][-]{chapter*.2}{\376\377\000T\000a\000b\000l\000e\000\040\000o\000f\000\040\000C\000o\000n\000t\000e\000n\000t\000s}{}% 1
\BOOKMARK [0][-]{section*.3}{\376\377\000L\000i\000s\000t\000\040\000o\000f\000\040\000F\000i\000g\000u\000r\000e\000s}{}% 2
\BOOKMARK [0][-]{section*.5}{\376\377\000L\000i\000s\000t\000\040\000o\000f\000\040\000T\000a\000b\000l\000e\000s}{}% 3
\BOOKMARK [0][-]{chapter.1}{\376\377\000I\000n\000t\000r\000o\000d\000u\000c\000t\000i\000o\000n}{}% 4
\BOOKMARK [1][-]{section.1.1}{\376\377\000B\000a\000c\000k\000g\000r\000o\000u\000n\000d\000\040\000a\000n\000d\000\040\000M\000o\000t\000i\000v\000a\000t\000i\000o\000n}{chapter.1}% 5
\BOOKMARK [1][-]{section.1.2}{\376\377\000P\000r\000o\000b\000l\000e\000m\000\040\000S\000t\000a\000t\000e\000m\000e\000n\000t}{chapter.1}% 6
\BOOKMARK [1][-]{section.1.3}{\376\377\000O\000b\000j\000e\000c\000t\000i\000v\000e\000s}{chapter.1}% 7
\BOOKMARK [1][-]{section.1.4}{\376\377\000S\000c\000o\000p\000e\000\040\000a\000n\000d\000\040\000D\000e\000l\000i\000m\000i\000t\000a\000t\000i\000o\000n\000s}{chapter.1}% 8
\BOOKMARK [1][-]{section.1.5}{\376\377\000P\000u\000r\000p\000o\000s\000e\000\040\000a\000n\000d\000\040\000G\000o\000a\000l\000\040\000o\000f\000\040\000t\000h\000e\000\040\000P\000r\000o\000j\000e\000c\000t}{chapter.1}% 9
\BOOKMARK [1][-]{section.1.6}{\376\377\000O\000r\000g\000a\000n\000i\000z\000a\000t\000i\000o\000n\000\040\000o\000f\000\040\000t\000h\000e\000\040\000R\000e\000p\000o\000r\000t}{chapter.1}% 10
\BOOKMARK [0][-]{chapter.2}{\376\377\000B\000a\000c\000k\000g\000r\000o\000u\000n\000d\000\040\000a\000n\000d\000\040\000L\000i\000t\000e\000r\000a\000t\000u\000r\000e\000\040\000R\000e\000v\000i\000e\000w}{}% 11
\BOOKMARK [1][-]{section.2.1}{\376\377\000P\000r\000e\000l\000i\000m\000i\000n\000a\000r\000i\000e\000s}{chapter.2}% 12
\BOOKMARK [2][-]{subsection.2.1.1}{\376\377\000L\000a\000r\000g\000e\000\040\000L\000a\000n\000g\000u\000a\000g\000e\000\040\000M\000o\000d\000e\000l\000s\000\040\000a\000n\000d\000\040\000P\000r\000o\000m\000p\000t\000i\000n\000g}{section.2.1}% 13
\BOOKMARK [2][-]{subsection.2.1.2}{\376\377\000A\000g\000e\000n\000t\000\040\000B\000a\000s\000e\000d\000\040\000A\000r\000c\000h\000i\000t\000e\000c\000t\000u\000r\000e\000s}{section.2.1}% 14
\BOOKMARK [2][-]{subsection.2.1.3}{\376\377\000E\000v\000a\000l\000u\000a\000t\000i\000o\000n\000\040\000o\000f\000\040\000E\000d\000u\000c\000a\000t\000i\000o\000n\000a\000l\000\040\000Q\000u\000e\000s\000t\000i\000o\000n\000\040\000G\000e\000n\000e\000r\000a\000t\000i\000o\000n}{section.2.1}% 15
\BOOKMARK [1][-]{section.2.2}{\376\377\000L\000i\000t\000e\000r\000a\000t\000u\000r\000e\000\040\000R\000e\000v\000i\000e\000w}{chapter.2}% 16
\BOOKMARK [2][-]{subsection.2.2.1}{\376\377\000E\000v\000o\000l\000u\000t\000i\000o\000n\000\040\000o\000f\000\040\000E\000d\000u\000c\000a\000t\000i\000o\000n\000a\000l\000\040\000Q\000u\000e\000s\000t\000i\000o\000n\000\040\000G\000e\000n\000e\000r\000a\000t\000i\000o\000n}{section.2.2}% 17
\BOOKMARK [2][-]{subsection.2.2.2}{\376\377\000L\000a\000r\000g\000e\000\040\000L\000a\000n\000g\000u\000a\000g\000e\000\040\000M\000o\000d\000e\000l\000\040\000B\000a\000s\000e\000d\000\040\000E\000d\000u\000c\000a\000t\000i\000o\000n\000a\000l\000\040\000Q\000u\000e\000s\000t\000i\000o\000n\000\040\000G\000e\000n\000e\000r\000a\000t\000i\000o\000n}{section.2.2}% 18
\BOOKMARK [2][-]{subsection.2.2.3}{\376\377\000E\000v\000a\000l\000u\000a\000t\000i\000o\000n\000\040\000F\000r\000a\000m\000e\000w\000o\000r\000k\000s\000\040\000f\000o\000r\000\040\000E\000d\000u\000c\000a\000t\000i\000o\000n\000a\000l\000\040\000Q\000u\000e\000s\000t\000i\000o\000n\000\040\000G\000e\000n\000e\000r\000a\000t\000i\000o\000n}{section.2.2}% 19
\BOOKMARK [1][-]{section.2.3}{\376\377\000R\000e\000s\000e\000a\000r\000c\000h\000\040\000G\000a\000p}{chapter.2}% 20
\BOOKMARK [2][-]{subsection.2.3.1}{\376\377\000C\000o\000m\000p\000a\000r\000i\000s\000o\000n\000\040\000o\000f\000\040\000E\000x\000i\000s\000t\000i\000n\000g\000\040\000S\000y\000s\000t\000e\000m\000s}{section.2.3}% 21
\BOOKMARK [2][-]{subsection.2.3.2}{\376\377\000S\000a\000t\000u\000r\000a\000t\000i\000o\000n\000\040\000o\000f\000\040\000J\000u\000d\000g\000e\000d\000\040\000Q\000u\000a\000l\000i\000t\000y\000\040\000M\000e\000t\000r\000i\000c\000s}{section.2.3}% 22
\BOOKMARK [0][-]{chapter.3}{\376\377\000M\000e\000t\000h\000o\000d\000o\000l\000o\000g\000y}{}% 23
\BOOKMARK [1][-]{section.3.1}{\376\377\000S\000y\000s\000t\000e\000m\000\040\000D\000e\000s\000i\000g\000n}{chapter.3}% 24
\BOOKMARK [2][-]{subsection.3.1.1}{\376\377\000D\000a\000t\000a\000\040\000f\000l\000o\000w}{section.3.1}% 25
\BOOKMARK [2][-]{subsection.3.1.2}{\376\377\000S\000c\000e\000n\000e\000-\000a\000d\000a\000p\000t\000i\000v\000e\000\040\000e\000x\000t\000r\000a\000c\000t\000i\000o\000n}{section.3.1}% 26
\BOOKMARK [2][-]{subsection.3.1.3}{\376\377\000R\000e\000t\000r\000i\000e\000v\000a\000l}{section.3.1}% 27
\BOOKMARK [1][-]{section.3.2}{\376\377\000H\000a\000r\000d\000w\000a\000r\000e\000\040\000a\000n\000d\000/\000o\000r\000\040\000S\000o\000f\000t\000w\000a\000r\000e\000\040\000C\000o\000m\000p\000o\000n\000e\000n\000t\000s}{chapter.3}% 28
\BOOKMARK [1][-]{section.3.3}{\376\377\000H\000a\000r\000d\000w\000a\000r\000e\000\040\000a\000n\000d\000/\000o\000r\000\040\000S\000o\000f\000t\000w\000a\000r\000e\000\040\000I\000m\000p\000l\000e\000m\000e\000n\000t\000a\000t\000i\000o\000n}{chapter.3}% 29
\BOOKMARK [2][-]{subsection.3.3.1}{\376\377\000T\000h\000e\000\040\000a\000g\000e\000n\000t\000i\000c\000\040\000q\000u\000e\000s\000t\000i\000o\000n\000-\000g\000e\000n\000e\000r\000a\000t\000i\000o\000n\000\040\000l\000o\000o\000p}{section.3.3}% 30
\BOOKMARK [2][-]{subsection.3.3.2}{\376\377\000A\000g\000e\000n\000t\000\040\000c\000o\000n\000t\000r\000a\000c\000t\000s\000\040\000a\000n\000d\000\040\000f\000a\000i\000l\000u\000r\000e\000\040\000b\000e\000h\000a\000v\000i\000o\000u\000r}{section.3.3}% 31
\BOOKMARK [2][-]{subsection.3.3.3}{\376\377\000R\000e\000p\000r\000o\000d\000u\000c\000i\000b\000i\000l\000i\000t\000y\000\040\000a\000n\000d\000\040\000e\000x\000p\000e\000r\000i\000m\000e\000n\000t\000a\000l\000\040\000c\000o\000n\000t\000r\000o\000l}{section.3.3}% 32
\BOOKMARK [2][-]{subsection.3.3.4}{\376\377\000T\000h\000e\000\040\000f\000o\000u\000r\000\040\000g\000e\000n\000e\000r\000a\000t\000i\000o\000n\000\040\000p\000i\000p\000e\000l\000i\000n\000e\000s}{section.3.3}% 33
\BOOKMARK [2][-]{subsection.3.3.5}{\376\377\000A\000n\000s\000w\000e\000r\000\040\000c\000o\000r\000r\000e\000c\000t\000n\000e\000s\000s\000:\000\040\000t\000w\000o\000\040\000a\000g\000e\000n\000t\000s\000\040\000t\000h\000a\000t\000\040\000m\000u\000s\000t\000\040\000a\000g\000r\000e\000e}{section.3.3}% 34
\BOOKMARK [2][-]{subsection.3.3.6}{\376\377\000S\000y\000s\000t\000e\000m\000\040\000s\000n\000a\000p\000s\000h\000o\000t}{section.3.3}% 35
\BOOKMARK [2][-]{subsection.3.3.7}{\376\377\000M\000u\000l\000t\000i\000-\000t\000i\000e\000r\000\040\000g\000r\000a\000d\000i\000n\000g\000\040\000a\000n\000d\000\040\000a\000d\000a\000p\000t\000a\000t\000i\000o\000n}{section.3.3}% 36
\BOOKMARK [0][-]{chapter.4}{\376\377\000I\000n\000v\000e\000s\000t\000i\000g\000a\000t\000i\000o\000n\000/\000E\000x\000p\000e\000r\000i\000m\000e\000n\000t\000,\000\040\000R\000e\000s\000u\000l\000t\000,\000\040\000A\000n\000a\000l\000y\000s\000i\000s\000\040\000a\000n\000d\000\040\000D\000i\000s\000c\000u\000s\000s\000i\000o\000n}{}% 37
\BOOKMARK [1][-]{section.4.1}{\376\377\000E\000n\000v\000i\000r\000o\000n\000m\000e\000n\000t\000\040\000S\000e\000t\000u\000p}{chapter.4}% 38
\BOOKMARK [2][-]{subsection.4.1.1}{\376\377\000C\000o\000n\000f\000i\000g\000u\000r\000a\000t\000i\000o\000n\000s\000\040\000u\000n\000d\000e\000r\000\040\000t\000e\000s\000t}{section.4.1}% 39
\BOOKMARK [1][-]{section.4.2}{\376\377\000E\000v\000a\000l\000u\000a\000t\000i\000o\000n\000\040\000P\000r\000o\000t\000o\000c\000o\000l\000s}{chapter.4}% 40
\BOOKMARK [2][-]{subsection.4.2.1}{\376\377\000N\000a\000t\000i\000v\000e\000\040\000m\000e\000t\000r\000i\000c\000s\000,\000\040\000a\000n\000d\000\040\000w\000h\000y\000\040\000a\000\040\000c\000o\000s\000t\000\040\000c\000o\000l\000u\000m\000n\000\040\000i\000s\000\040\000m\000a\000n\000d\000a\000t\000o\000r\000y}{section.4.2}% 41
\BOOKMARK [1][-]{section.4.3}{\376\377\000A\000b\000l\000a\000t\000i\000o\000n\000\040\000D\000e\000s\000i\000g\000n}{chapter.4}% 42
\BOOKMARK [2][-]{subsection.4.3.1}{\376\377\000L\000e\000a\000v\000e\000-\000o\000n\000e\000-\000a\000g\000e\000n\000t\000-\000o\000u\000t}{section.4.3}% 43
\BOOKMARK [2][-]{subsection.4.3.2}{\376\377\000A\000g\000e\000n\000t\000\040\000m\000e\000r\000g\000i\000n\000g}{section.4.3}% 44
\BOOKMARK [2][-]{subsection.4.3.3}{\376\377\000W\000h\000a\000t\000\040\000t\000h\000e\000s\000e\000\040\000a\000b\000l\000a\000t\000i\000o\000n\000s\000\040\000c\000a\000n\000n\000o\000t\000\040\000s\000h\000o\000w}{section.4.3}% 45
\BOOKMARK [1][-]{section.4.4}{\376\377\000R\000e\000s\000u\000l\000t\000s\000\040\000a\000n\000d\000\040\000D\000i\000s\000c\000u\000s\000s\000i\000o\000n}{chapter.4}% 46
\BOOKMARK [2][-]{subsection.4.4.1}{\376\377\000N\000a\000t\000i\000v\000e\000\040\000m\000e\000t\000r\000i\000c\000s\000,\000\040\000a\000g\000e\000n\000t\000i\000c\000\040\000v\000e\000r\000s\000u\000s\000\040\000n\000o\000n\000-\000a\000g\000e\000n\000t\000i\000c}{section.4.4}% 47
\BOOKMARK [1][-]{section.4.5}{\376\377\000S\000y\000s\000t\000e\000m\000\040\000I\000n\000t\000e\000r\000p\000r\000e\000t\000a\000t\000i\000o\000n}{chapter.4}% 48
\BOOKMARK [2][-]{subsection.4.5.1}{\376\377\000W\000h\000e\000r\000e\000\040\000i\000n\000\040\000t\000h\000e\000\040\000p\000i\000p\000e\000l\000i\000n\000e\000\040\000t\000h\000e\000\040\000a\000d\000v\000a\000n\000t\000a\000g\000e\000\040\000c\000a\000n\000\040\000l\000i\000v\000e}{section.4.5}% 49
\BOOKMARK [2][-]{subsection.4.5.2}{\376\377\000W\000h\000y\000\040\000t\000h\000e\000\040\000m\000a\000r\000g\000i\000n\000\040\000w\000i\000d\000e\000n\000s\000\040\000w\000i\000t\000h\000\040\000d\000i\000f\000f\000i\000c\000u\000l\000t\000y}{section.4.5}% 50
\BOOKMARK [2][-]{subsection.4.5.3}{\376\377\000W\000h\000a\000t\000\040\000t\000h\000e\000\040\000s\000a\000t\000u\000r\000a\000t\000i\000o\000n\000\040\000i\000m\000p\000l\000i\000e\000s\000\040\000f\000o\000r\000\040\000s\000y\000s\000t\000e\000m\000\040\000d\000e\000s\000i\000g\000n}{section.4.5}% 51
\BOOKMARK [2][-]{subsection.4.5.4}{\376\377\000W\000h\000a\000t\000\040\000t\000h\000e\000\040\000s\000y\000s\000t\000e\000m\000\040\000d\000o\000e\000s\000\040\000n\000o\000t\000\040\000e\000s\000t\000a\000b\000l\000i\000s\000h}{section.4.5}% 52
\BOOKMARK [1][-]{section.4.6}{\376\377\000S\000u\000m\000m\000a\000r\000y}{chapter.4}% 53
\BOOKMARK [0][-]{chapter.5}{\376\377\000I\000m\000p\000a\000c\000t\000s\000\040\000a\000n\000d\000\040\000D\000e\000s\000i\000g\000n\000\040\000C\000o\000n\000s\000t\000r\000a\000i\000n\000t\000s\000\040\000o\000f\000\040\000t\000h\000e\000\040\000P\000r\000o\000j\000e\000c\000t}{}% 54
\BOOKMARK [1][-]{section.5.1}{\376\377\000E\000c\000o\000n\000o\000m\000i\000c\000\040\000I\000m\000p\000a\000c\000t}{chapter.5}% 55
\BOOKMARK [1][-]{section.5.2}{\376\377\000I\000m\000p\000a\000c\000t\000\040\000o\000n\000\040\000S\000o\000c\000i\000e\000t\000a\000l\000,\000\040\000H\000e\000a\000l\000t\000h\000,\000\040\000S\000a\000f\000e\000t\000y\000,\000\040\000L\000e\000g\000a\000l\000\040\000a\000n\000d\000\040\000C\000u\000l\000t\000u\000r\000a\000l\000\040\000I\000s\000s\000u\000e\000s}{chapter.5}% 56
\BOOKMARK [1][-]{section.5.3}{\376\377\000E\000t\000h\000i\000c\000a\000l\000\040\000C\000o\000n\000s\000i\000d\000e\000r\000a\000t\000i\000o\000n\000s}{chapter.5}% 57
\BOOKMARK [2][-]{subsection.5.3.1}{\376\377\000R\000e\000s\000e\000a\000r\000c\000h\000\040\000E\000t\000h\000i\000c\000s}{section.5.3}% 58
\BOOKMARK [2][-]{subsection.5.3.2}{\376\377\000E\000t\000h\000i\000c\000s\000\040\000o\000f\000\040\000D\000e\000p\000l\000o\000y\000m\000e\000n\000t}{section.5.3}% 59
\BOOKMARK [1][-]{section.5.4}{\376\377\000I\000m\000p\000a\000c\000t\000\040\000o\000n\000\040\000E\000n\000v\000i\000r\000o\000n\000m\000e\000n\000t\000\040\000a\000n\000d\000\040\000S\000u\000s\000t\000a\000i\000n\000a\000b\000i\000l\000i\000t\000y}{chapter.5}% 60
\BOOKMARK [0][-]{chapter.6}{\376\377\000P\000r\000o\000j\000e\000c\000t\000\040\000P\000l\000a\000n\000n\000i\000n\000g\000\040\000a\000n\000d\000\040\000B\000u\000d\000g\000e\000t}{}% 61
\BOOKMARK [1][-]{section.6.1}{\376\377\000D\000e\000v\000e\000l\000o\000p\000m\000e\000n\000t\000\040\000M\000e\000t\000h\000o\000d\000o\000l\000o\000g\000y}{chapter.6}% 62
\BOOKMARK [1][-]{section.6.2}{\376\377\000W\000o\000r\000k\000\040\000B\000r\000e\000a\000k\000d\000o\000w\000n\000\040\000S\000t\000r\000u\000c\000t\000u\000r\000e}{chapter.6}% 63
\BOOKMARK [1][-]{section.6.3}{\376\377\000P\000r\000o\000j\000e\000c\000t\000\040\000S\000c\000h\000e\000d\000u\000l\000e}{chapter.6}% 64
\BOOKMARK [1][-]{section.6.4}{\376\377\000T\000e\000a\000m\000\040\000R\000o\000l\000e\000s\000\040\000a\000n\000d\000\040\000R\000e\000s\000p\000o\000n\000s\000i\000b\000i\000l\000i\000t\000i\000e\000s}{chapter.6}% 65
\BOOKMARK [1][-]{section.6.5}{\376\377\000R\000i\000s\000k\000\040\000M\000a\000n\000a\000g\000e\000m\000e\000n\000t}{chapter.6}% 66
\BOOKMARK [1][-]{section.6.6}{\376\377\000B\000u\000d\000g\000e\000t}{chapter.6}% 67
\BOOKMARK [0][-]{chapter.7}{\376\377\000C\000o\000m\000p\000l\000e\000x\000\040\000E\000n\000g\000i\000n\000e\000e\000r\000i\000n\000g\000\040\000P\000r\000o\000b\000l\000e\000m\000s\000\040\000a\000n\000d\000\040\000A\000c\000t\000i\000v\000i\000t\000i\000e\000s}{}% 68
\BOOKMARK [1][-]{section.7.1}{\376\377\000C\000o\000m\000p\000l\000e\000x\000\040\000E\000n\000g\000i\000n\000e\000e\000r\000i\000n\000g\000\040\000P\000r\000o\000b\000l\000e\000m\000s\000\040\000\050\000C\000E\000P\000\051}{chapter.7}% 69
\BOOKMARK [1][-]{section.7.2}{\376\377\000C\000o\000m\000p\000l\000e\000x\000\040\000E\000n\000g\000i\000n\000e\000e\000r\000i\000n\000g\000\040\000A\000c\000t\000i\000v\000i\000t\000i\000e\000s\000\040\000\050\000C\000E\000A\000\051}{chapter.7}% 70
\BOOKMARK [1][-]{section.7.3}{\376\377\000M\000a\000p\000p\000i\000n\000g\000\040\000t\000o\000\040\000K\000n\000o\000w\000l\000e\000d\000g\000e\000\040\000P\000r\000o\000f\000i\000l\000e\000s}{chapter.7}% 71
\BOOKMARK [0][-]{chapter.8}{\376\377\000C\000o\000n\000c\000l\000u\000s\000i\000o\000n}{}% 72
\BOOKMARK [1][-]{section.8.1}{\376\377\000S\000u\000m\000m\000a\000r\000y}{chapter.8}% 73
\BOOKMARK [1][-]{section.8.2}{\376\377\000F\000i\000n\000d\000i\000n\000g\000s}{chapter.8}% 74
\BOOKMARK [1][-]{section.8.3}{\376\377\000L\000i\000m\000i\000t\000a\000t\000i\000o\000n\000s}{chapter.8}% 75
\BOOKMARK [1][-]{section.8.4}{\376\377\000F\000u\000t\000u\000r\000e\000\040\000I\000m\000p\000r\000o\000v\000e\000m\000e\000n\000t}{chapter.8}% 76
\BOOKMARK [0][-]{section*.75}{\376\377\000R\000e\000f\000e\000r\000e\000n\000c\000e\000s}{}% 77
